// Jest Snapshot v1, https://goo.gl/fbAQLP

exports[`Selector should render <h1> for a heading and <hr> for a divider 1`] = `
<section
  className="prezly-slate-document"
  data-version="0.50"
>
  <h1
    className="prezly-slate-heading prezly-slate-heading--heading-1 prezly-slate-heading--align-inherit"
  />
  <hr
    className="prezly-slate-divider"
  />
</section>
`;
